// Jest Snapshot v1, https://goo.gl/fbAQLP

exports[`App should render without crashing 1`] = `
<div>
  <div
    class="App"
  >
    <header
      class="App-header"
    >
      <p
        class="locale-switcher"
      >
        <a
          href="?clientSide=undefined&locale=en"
        >
          en
        </a>
        <a
          href="?clientSide=undefined&locale=fr"
        >
          fr
        </a>
        <a
          href="?"
        >
          default
        </a>
      </p>
      <img
        alt="logo"
        class="App-logo"
        src="logo.svg"
      />
      <p />
      <a
        class="App-link"
        href="https://reactjs.org"
        rel="noopener noreferrer"
        target="_blank"
      />
    </header>
  </div>
</div>
`;
