// Jest Snapshot v1, https://goo.gl/fbAQLP

exports[`AsyncComponent should render empty until component is loaded 1`] = `
<div>
  <div />
</div>
`;
